[2024-05-27T09:56:28.605+0700][gc,init] CardTable entry size: 512
[2024-05-27T09:56:28.606+0700][gc     ] Using G1
[2024-05-27T09:56:28.622+0700][gc,init] Version: 21.0.2+13-58 (release)
[2024-05-27T09:56:28.622+0700][gc,init] CPUs: 8 total, 8 available
[2024-05-27T09:56:28.622+0700][gc,init] Memory: 10187M
[2024-05-27T09:56:28.622+0700][gc,init] Large Page Support: Disabled
[2024-05-27T09:56:28.622+0700][gc,init] NUMA Support: Disabled
[2024-05-27T09:56:28.622+0700][gc,init] Compressed Oops: Enabled (32-bit)
[2024-05-27T09:56:28.622+0700][gc,init] Heap Region Size: 1M
[2024-05-27T09:56:28.622+0700][gc,init] Heap Min Capacity: 1G
[2024-05-27T09:56:28.622+0700][gc,init] Heap Initial Capacity: 1G
[2024-05-27T09:56:28.623+0700][gc,init] Heap Max Capacity: 1G
[2024-05-27T09:56:28.623+0700][gc,init] Pre-touch: Disabled
[2024-05-27T09:56:28.623+0700][gc,init] Parallel Workers: 8
[2024-05-27T09:56:28.623+0700][gc,init] Concurrent Workers: 2
[2024-05-27T09:56:28.623+0700][gc,init] Concurrent Refinement Workers: 8
[2024-05-27T09:56:28.623+0700][gc,init] Periodic GC: Disabled
[2024-05-27T09:56:28.634+0700][gc,metaspace] CDS archive(s) mapped at: [0x00000221b0000000-0x00000221b0c90000-0x00000221b0c90000), size 13172736, SharedBaseAddress: 0x00000221b0000000, ArchiveRelocationMode: 1.
[2024-05-27T09:56:28.634+0700][gc,metaspace] Compressed class space mapped at: 0x00000221b1000000-0x00000221f1000000, reserved size: 1073741824
[2024-05-27T09:56:28.634+0700][gc,metaspace] Narrow klass base: 0x00000221b0000000, Narrow klass shift: 0, Narrow klass range: 0x100000000
[2024-05-27T09:56:30.676+0700][gc,start    ] GC(0) Pause Young (Normal) (G1 Evacuation Pause)
[2024-05-27T09:56:30.677+0700][gc,task     ] GC(0) Using 8 workers of 8 for evacuation
[2024-05-27T09:56:30.687+0700][gc,phases   ] GC(0)   Pre Evacuate Collection Set: 0.4ms
[2024-05-27T09:56:30.687+0700][gc,phases   ] GC(0)   Merge Heap Roots: 0.2ms
[2024-05-27T09:56:30.687+0700][gc,phases   ] GC(0)   Evacuate Collection Set: 7.8ms
[2024-05-27T09:56:30.687+0700][gc,phases   ] GC(0)   Post Evacuate Collection Set: 0.8ms
[2024-05-27T09:56:30.687+0700][gc,phases   ] GC(0)   Other: 1.3ms
[2024-05-27T09:56:30.687+0700][gc,heap     ] GC(0) Eden regions: 51->0(44)
[2024-05-27T09:56:30.687+0700][gc,heap     ] GC(0) Survivor regions: 0->7(7)
[2024-05-27T09:56:30.687+0700][gc,heap     ] GC(0) Old regions: 0->2
[2024-05-27T09:56:30.687+0700][gc,heap     ] GC(0) Humongous regions: 0->0
[2024-05-27T09:56:30.687+0700][gc,metaspace] GC(0) Metaspace: 17944K(18240K)->17944K(18240K) NonClass: 15867K(16000K)->15867K(16000K) Class: 2076K(2240K)->2076K(2240K)
[2024-05-27T09:56:30.687+0700][gc          ] GC(0) Pause Young (Normal) (G1 Evacuation Pause) 51M->8M(1024M) 11.222ms
[2024-05-27T09:56:30.687+0700][gc,cpu      ] GC(0) User=0.00s Sys=0.00s Real=0.01s
[2024-05-27T09:56:31.002+0700][gc,start    ] GC(1) Pause Young (Concurrent Start) (Metadata GC Threshold)
[2024-05-27T09:56:31.002+0700][gc,task     ] GC(1) Using 8 workers of 8 for evacuation
[2024-05-27T09:56:31.010+0700][gc,phases   ] GC(1)   Pre Evacuate Collection Set: 0.9ms
[2024-05-27T09:56:31.010+0700][gc,phases   ] GC(1)   Merge Heap Roots: 0.1ms
[2024-05-27T09:56:31.010+0700][gc,phases   ] GC(1)   Evacuate Collection Set: 6.2ms
[2024-05-27T09:56:31.010+0700][gc,phases   ] GC(1)   Post Evacuate Collection Set: 0.5ms
[2024-05-27T09:56:31.010+0700][gc,phases   ] GC(1)   Other: -0.0ms
[2024-05-27T09:56:31.010+0700][gc,heap     ] GC(1) Eden regions: 13->0(50)
[2024-05-27T09:56:31.010+0700][gc,heap     ] GC(1) Survivor regions: 7->1(7)
[2024-05-27T09:56:31.010+0700][gc,heap     ] GC(1) Old regions: 2->10
[2024-05-27T09:56:31.010+0700][gc,heap     ] GC(1) Humongous regions: 0->0
[2024-05-27T09:56:31.010+0700][gc,metaspace] GC(1) Metaspace: 21240K(21504K)->21240K(21504K) NonClass: 18756K(18880K)->18756K(18880K) Class: 2483K(2624K)->2483K(2624K)
[2024-05-27T09:56:31.010+0700][gc          ] GC(1) Pause Young (Concurrent Start) (Metadata GC Threshold) 21M->9M(1024M) 8.253ms
[2024-05-27T09:56:31.010+0700][gc          ] GC(2) Concurrent Mark Cycle
[2024-05-27T09:56:31.010+0700][gc,cpu      ] GC(1) User=0.02s Sys=0.00s Real=0.01s
[2024-05-27T09:56:31.010+0700][gc,marking  ] GC(2) Concurrent Scan Root Regions
[2024-05-27T09:56:31.012+0700][gc,marking  ] GC(2) Concurrent Scan Root Regions 2.211ms
[2024-05-27T09:56:31.012+0700][gc,marking  ] GC(2) Concurrent Mark
[2024-05-27T09:56:31.013+0700][gc,marking  ] GC(2) Concurrent Mark From Roots
[2024-05-27T09:56:31.013+0700][gc,task     ] GC(2) Using 2 workers of 2 for marking
[2024-05-27T09:56:31.017+0700][gc,marking  ] GC(2) Concurrent Mark From Roots 4.314ms
[2024-05-27T09:56:31.017+0700][gc,marking  ] GC(2) Concurrent Preclean
[2024-05-27T09:56:31.017+0700][gc,marking  ] GC(2) Concurrent Preclean 0.038ms
[2024-05-27T09:56:31.018+0700][gc,start    ] GC(2) Pause Remark
[2024-05-27T09:56:31.020+0700][gc          ] GC(2) Pause Remark 10M->10M(1024M) 2.718ms
[2024-05-27T09:56:31.020+0700][gc,cpu      ] GC(2) User=0.00s Sys=0.00s Real=0.00s
[2024-05-27T09:56:31.021+0700][gc,marking  ] GC(2) Concurrent Mark 8.050ms
[2024-05-27T09:56:31.021+0700][gc,marking  ] GC(2) Concurrent Rebuild Remembered Sets and Scrub Regions
[2024-05-27T09:56:31.023+0700][gc,marking  ] GC(2) Concurrent Rebuild Remembered Sets and Scrub Regions 2.434ms
[2024-05-27T09:56:31.023+0700][gc,start    ] GC(2) Pause Cleanup
[2024-05-27T09:56:31.023+0700][gc          ] GC(2) Pause Cleanup 10M->10M(1024M) 0.229ms
[2024-05-27T09:56:31.023+0700][gc,cpu      ] GC(2) User=0.00s Sys=0.00s Real=0.00s
[2024-05-27T09:56:31.024+0700][gc,marking  ] GC(2) Concurrent Clear Claimed Marks
[2024-05-27T09:56:31.024+0700][gc,marking  ] GC(2) Concurrent Clear Claimed Marks 0.070ms
[2024-05-27T09:56:31.024+0700][gc,marking  ] GC(2) Concurrent Cleanup for Next Mark
[2024-05-27T09:56:31.034+0700][gc,marking  ] GC(2) Concurrent Cleanup for Next Mark 10.122ms
[2024-05-27T09:56:31.034+0700][gc          ] GC(2) Concurrent Mark Cycle 23.858ms
[2024-05-27T09:56:33.192+0700][gc,start    ] GC(3) Pause Young (Normal) (G1 Evacuation Pause)
[2024-05-27T09:56:33.192+0700][gc,task     ] GC(3) Using 8 workers of 8 for evacuation
[2024-05-27T09:56:33.198+0700][gc,phases   ] GC(3)   Pre Evacuate Collection Set: 0.2ms
[2024-05-27T09:56:33.198+0700][gc,phases   ] GC(3)   Merge Heap Roots: 0.1ms
[2024-05-27T09:56:33.198+0700][gc,phases   ] GC(3)   Evacuate Collection Set: 4.4ms
[2024-05-27T09:56:33.198+0700][gc,phases   ] GC(3)   Post Evacuate Collection Set: 0.8ms
[2024-05-27T09:56:33.198+0700][gc,phases   ] GC(3)   Other: 0.1ms
[2024-05-27T09:56:33.198+0700][gc,heap     ] GC(3) Eden regions: 50->0(45)
[2024-05-27T09:56:33.198+0700][gc,heap     ] GC(3) Survivor regions: 1->6(7)
[2024-05-27T09:56:33.198+0700][gc,heap     ] GC(3) Old regions: 10->10
[2024-05-27T09:56:33.198+0700][gc,heap     ] GC(3) Humongous regions: 129->129
[2024-05-27T09:56:33.198+0700][gc,metaspace] GC(3) Metaspace: 31065K(31488K)->31065K(31488K) NonClass: 27613K(27840K)->27613K(27840K) Class: 3451K(3648K)->3451K(3648K)
[2024-05-27T09:56:33.198+0700][gc          ] GC(3) Pause Young (Normal) (G1 Evacuation Pause) 188M->143M(1024M) 6.139ms
[2024-05-27T09:56:33.198+0700][gc,cpu      ] GC(3) User=0.00s Sys=0.00s Real=0.01s
[2024-05-27T09:56:33.805+0700][gc,start    ] GC(4) Pause Young (Concurrent Start) (Metadata GC Threshold)
[2024-05-27T09:56:33.805+0700][gc,task     ] GC(4) Using 8 workers of 8 for evacuation
[2024-05-27T09:56:33.811+0700][gc,phases   ] GC(4)   Pre Evacuate Collection Set: 0.3ms
[2024-05-27T09:56:33.811+0700][gc,phases   ] GC(4)   Merge Heap Roots: 0.1ms
[2024-05-27T09:56:33.811+0700][gc,phases   ] GC(4)   Evacuate Collection Set: 4.8ms
[2024-05-27T09:56:33.811+0700][gc,phases   ] GC(4)   Post Evacuate Collection Set: 0.6ms
[2024-05-27T09:56:33.811+0700][gc,phases   ] GC(4)   Other: 0.2ms
[2024-05-27T09:56:33.811+0700][gc,heap     ] GC(4) Eden regions: 19->0(48)
[2024-05-27T09:56:33.811+0700][gc,heap     ] GC(4) Survivor regions: 6->3(7)
[2024-05-27T09:56:33.811+0700][gc,heap     ] GC(4) Old regions: 10->15
[2024-05-27T09:56:33.811+0700][gc,heap     ] GC(4) Humongous regions: 129->129
[2024-05-27T09:56:33.812+0700][gc,metaspace] GC(4) Metaspace: 35609K(35968K)->35609K(35968K) NonClass: 31713K(31872K)->31713K(31872K) Class: 3895K(4096K)->3895K(4096K)
[2024-05-27T09:56:33.812+0700][gc          ] GC(4) Pause Young (Concurrent Start) (Metadata GC Threshold) 162M->145M(1024M) 6.494ms
[2024-05-27T09:56:33.812+0700][gc          ] GC(5) Concurrent Mark Cycle
[2024-05-27T09:56:33.812+0700][gc,cpu      ] GC(4) User=0.00s Sys=0.00s Real=0.01s
[2024-05-27T09:56:33.812+0700][gc,marking  ] GC(5) Concurrent Scan Root Regions
[2024-05-27T09:56:33.816+0700][gc,marking  ] GC(5) Concurrent Scan Root Regions 4.349ms
[2024-05-27T09:56:33.816+0700][gc,marking  ] GC(5) Concurrent Mark
[2024-05-27T09:56:33.816+0700][gc,marking  ] GC(5) Concurrent Mark From Roots
[2024-05-27T09:56:33.816+0700][gc,task     ] GC(5) Using 2 workers of 2 for marking
[2024-05-27T09:56:33.826+0700][gc,marking  ] GC(5) Concurrent Mark From Roots 9.669ms
[2024-05-27T09:56:33.826+0700][gc,marking  ] GC(5) Concurrent Preclean
[2024-05-27T09:56:33.826+0700][gc,marking  ] GC(5) Concurrent Preclean 0.097ms
[2024-05-27T09:56:33.852+0700][gc,start    ] GC(5) Pause Remark
[2024-05-27T09:56:33.855+0700][gc          ] GC(5) Pause Remark 146M->146M(1024M) 3.451ms
[2024-05-27T09:56:33.856+0700][gc,cpu      ] GC(5) User=0.00s Sys=0.00s Real=0.00s
[2024-05-27T09:56:33.856+0700][gc,marking  ] GC(5) Concurrent Mark 39.485ms
[2024-05-27T09:56:33.856+0700][gc,marking  ] GC(5) Concurrent Rebuild Remembered Sets and Scrub Regions
[2024-05-27T09:56:33.862+0700][gc,marking  ] GC(5) Concurrent Rebuild Remembered Sets and Scrub Regions 5.756ms
[2024-05-27T09:56:33.862+0700][gc,start    ] GC(5) Pause Cleanup
[2024-05-27T09:56:33.863+0700][gc          ] GC(5) Pause Cleanup 146M->146M(1024M) 0.266ms
[2024-05-27T09:56:33.863+0700][gc,cpu      ] GC(5) User=0.00s Sys=0.00s Real=0.00s
[2024-05-27T09:56:33.863+0700][gc,marking  ] GC(5) Concurrent Clear Claimed Marks
[2024-05-27T09:56:33.863+0700][gc,marking  ] GC(5) Concurrent Clear Claimed Marks 0.086ms
[2024-05-27T09:56:33.863+0700][gc,marking  ] GC(5) Concurrent Cleanup for Next Mark
[2024-05-27T09:56:33.865+0700][gc,marking  ] GC(5) Concurrent Cleanup for Next Mark 2.385ms
[2024-05-27T09:56:33.865+0700][gc          ] GC(5) Concurrent Mark Cycle 53.731ms
[2024-05-27T09:56:47.708+0700][gc,heap,exit] Heap
[2024-05-27T09:56:47.708+0700][gc,heap,exit]  garbage-first heap   total 1048576K, used 185501K [0x00000000c0000000, 0x0000000100000000)
[2024-05-27T09:56:47.709+0700][gc,heap,exit]   region size 1024K, 33 young (33792K), 3 survivors (3072K)
[2024-05-27T09:56:47.709+0700][gc,heap,exit]  Metaspace       used 40629K, committed 41152K, reserved 1114112K
[2024-05-27T09:56:47.709+0700][gc,heap,exit]   class space    used 4661K, committed 4864K, reserved 1048576K
