[2024-05-27T10:06:19.526+0700][gc,init] CardTable entry size: 512
[2024-05-27T10:06:19.527+0700][gc     ] Using G1
[2024-05-27T10:06:19.541+0700][gc,init] Version: 21.0.2+13-58 (release)
[2024-05-27T10:06:19.541+0700][gc,init] CPUs: 8 total, 8 available
[2024-05-27T10:06:19.541+0700][gc,init] Memory: 10187M
[2024-05-27T10:06:19.541+0700][gc,init] Large Page Support: Disabled
[2024-05-27T10:06:19.541+0700][gc,init] NUMA Support: Disabled
[2024-05-27T10:06:19.541+0700][gc,init] Compressed Oops: Enabled (32-bit)
[2024-05-27T10:06:19.541+0700][gc,init] Heap Region Size: 1M
[2024-05-27T10:06:19.541+0700][gc,init] Heap Min Capacity: 1G
[2024-05-27T10:06:19.541+0700][gc,init] Heap Initial Capacity: 1G
[2024-05-27T10:06:19.544+0700][gc,init] Heap Max Capacity: 1G
[2024-05-27T10:06:19.544+0700][gc,init] Pre-touch: Disabled
[2024-05-27T10:06:19.544+0700][gc,init] Parallel Workers: 8
[2024-05-27T10:06:19.544+0700][gc,init] Concurrent Workers: 2
[2024-05-27T10:06:19.544+0700][gc,init] Concurrent Refinement Workers: 8
[2024-05-27T10:06:19.544+0700][gc,init] Periodic GC: Disabled
[2024-05-27T10:06:19.556+0700][gc,metaspace] CDS archive(s) mapped at: [0x00000137d8000000-0x00000137d8c90000-0x00000137d8c90000), size 13172736, SharedBaseAddress: 0x00000137d8000000, ArchiveRelocationMode: 1.
[2024-05-27T10:06:19.556+0700][gc,metaspace] Compressed class space mapped at: 0x00000137d9000000-0x0000013819000000, reserved size: 1073741824
[2024-05-27T10:06:19.556+0700][gc,metaspace] Narrow klass base: 0x00000137d8000000, Narrow klass shift: 0, Narrow klass range: 0x100000000
[2024-05-27T10:06:21.617+0700][gc,start    ] GC(0) Pause Young (Normal) (G1 Evacuation Pause)
[2024-05-27T10:06:21.619+0700][gc,task     ] GC(0) Using 8 workers of 8 for evacuation
[2024-05-27T10:06:21.628+0700][gc,phases   ] GC(0)   Pre Evacuate Collection Set: 0.2ms
[2024-05-27T10:06:21.629+0700][gc,phases   ] GC(0)   Merge Heap Roots: 0.2ms
[2024-05-27T10:06:21.629+0700][gc,phases   ] GC(0)   Evacuate Collection Set: 7.9ms
[2024-05-27T10:06:21.629+0700][gc,phases   ] GC(0)   Post Evacuate Collection Set: 0.9ms
[2024-05-27T10:06:21.629+0700][gc,phases   ] GC(0)   Other: 1.5ms
[2024-05-27T10:06:21.629+0700][gc,heap     ] GC(0) Eden regions: 51->0(44)
[2024-05-27T10:06:21.629+0700][gc,heap     ] GC(0) Survivor regions: 0->7(7)
[2024-05-27T10:06:21.629+0700][gc,heap     ] GC(0) Old regions: 0->2
[2024-05-27T10:06:21.629+0700][gc,heap     ] GC(0) Humongous regions: 0->0
[2024-05-27T10:06:21.629+0700][gc,metaspace] GC(0) Metaspace: 17959K(18240K)->17959K(18240K) NonClass: 15882K(16000K)->15882K(16000K) Class: 2076K(2240K)->2076K(2240K)
[2024-05-27T10:06:21.629+0700][gc          ] GC(0) Pause Young (Normal) (G1 Evacuation Pause) 51M->8M(1024M) 11.599ms
[2024-05-27T10:06:21.629+0700][gc,cpu      ] GC(0) User=0.00s Sys=0.00s Real=0.01s
[2024-05-27T10:06:21.932+0700][gc,start    ] GC(1) Pause Young (Concurrent Start) (Metadata GC Threshold)
[2024-05-27T10:06:21.932+0700][gc,task     ] GC(1) Using 8 workers of 8 for evacuation
[2024-05-27T10:06:21.940+0700][gc,phases   ] GC(1)   Pre Evacuate Collection Set: 0.3ms
[2024-05-27T10:06:21.940+0700][gc,phases   ] GC(1)   Merge Heap Roots: 0.1ms
[2024-05-27T10:06:21.940+0700][gc,phases   ] GC(1)   Evacuate Collection Set: 6.8ms
[2024-05-27T10:06:21.940+0700][gc,phases   ] GC(1)   Post Evacuate Collection Set: 0.6ms
[2024-05-27T10:06:21.940+0700][gc,phases   ] GC(1)   Other: 0.2ms
[2024-05-27T10:06:21.940+0700][gc,heap     ] GC(1) Eden regions: 13->0(49)
[2024-05-27T10:06:21.940+0700][gc,heap     ] GC(1) Survivor regions: 7->2(7)
[2024-05-27T10:06:21.940+0700][gc,heap     ] GC(1) Old regions: 2->9
[2024-05-27T10:06:21.940+0700][gc,heap     ] GC(1) Humongous regions: 0->0
[2024-05-27T10:06:21.940+0700][gc,metaspace] GC(1) Metaspace: 21259K(21504K)->21259K(21504K) NonClass: 18775K(18880K)->18775K(18880K) Class: 2484K(2624K)->2484K(2624K)
[2024-05-27T10:06:21.940+0700][gc          ] GC(1) Pause Young (Concurrent Start) (Metadata GC Threshold) 21M->10M(1024M) 8.705ms
[2024-05-27T10:06:21.940+0700][gc          ] GC(2) Concurrent Mark Cycle
[2024-05-27T10:06:21.940+0700][gc,cpu      ] GC(1) User=0.00s Sys=0.00s Real=0.01s
[2024-05-27T10:06:21.940+0700][gc,marking  ] GC(2) Concurrent Scan Root Regions
[2024-05-27T10:06:21.943+0700][gc,marking  ] GC(2) Concurrent Scan Root Regions 2.448ms
[2024-05-27T10:06:21.943+0700][gc,marking  ] GC(2) Concurrent Mark
[2024-05-27T10:06:21.943+0700][gc,marking  ] GC(2) Concurrent Mark From Roots
[2024-05-27T10:06:21.943+0700][gc,task     ] GC(2) Using 2 workers of 2 for marking
[2024-05-27T10:06:21.947+0700][gc,marking  ] GC(2) Concurrent Mark From Roots 4.077ms
[2024-05-27T10:06:21.947+0700][gc,marking  ] GC(2) Concurrent Preclean
[2024-05-27T10:06:21.947+0700][gc,marking  ] GC(2) Concurrent Preclean 0.041ms
[2024-05-27T10:06:21.947+0700][gc,start    ] GC(2) Pause Remark
[2024-05-27T10:06:21.950+0700][gc          ] GC(2) Pause Remark 10M->10M(1024M) 2.288ms
[2024-05-27T10:06:21.950+0700][gc,cpu      ] GC(2) User=0.00s Sys=0.00s Real=0.00s
[2024-05-27T10:06:21.950+0700][gc,marking  ] GC(2) Concurrent Mark 6.866ms
[2024-05-27T10:06:21.950+0700][gc,marking  ] GC(2) Concurrent Rebuild Remembered Sets and Scrub Regions
[2024-05-27T10:06:21.951+0700][gc,marking  ] GC(2) Concurrent Rebuild Remembered Sets and Scrub Regions 1.376ms
[2024-05-27T10:06:21.951+0700][gc,start    ] GC(2) Pause Cleanup
[2024-05-27T10:06:21.952+0700][gc          ] GC(2) Pause Cleanup 10M->10M(1024M) 0.076ms
[2024-05-27T10:06:21.952+0700][gc,cpu      ] GC(2) User=0.00s Sys=0.00s Real=0.00s
[2024-05-27T10:06:21.952+0700][gc,marking  ] GC(2) Concurrent Clear Claimed Marks
[2024-05-27T10:06:21.952+0700][gc,marking  ] GC(2) Concurrent Clear Claimed Marks 0.068ms
[2024-05-27T10:06:21.952+0700][gc,marking  ] GC(2) Concurrent Cleanup for Next Mark
[2024-05-27T10:06:21.964+0700][gc,marking  ] GC(2) Concurrent Cleanup for Next Mark 12.502ms
[2024-05-27T10:06:21.964+0700][gc          ] GC(2) Concurrent Mark Cycle 24.154ms
[2024-05-27T10:06:23.626+0700][gc,start    ] GC(3) Pause Young (Normal) (G1 Evacuation Pause)
[2024-05-27T10:06:23.626+0700][gc,task     ] GC(3) Using 8 workers of 8 for evacuation
[2024-05-27T10:06:23.634+0700][gc,phases   ] GC(3)   Pre Evacuate Collection Set: 0.3ms
[2024-05-27T10:06:23.634+0700][gc,phases   ] GC(3)   Merge Heap Roots: 0.1ms
[2024-05-27T10:06:23.634+0700][gc,phases   ] GC(3)   Evacuate Collection Set: 6.4ms
[2024-05-27T10:06:23.634+0700][gc,phases   ] GC(3)   Post Evacuate Collection Set: 0.7ms
[2024-05-27T10:06:23.634+0700][gc,phases   ] GC(3)   Other: 0.1ms
[2024-05-27T10:06:23.634+0700][gc,heap     ] GC(3) Eden regions: 49->0(44)
[2024-05-27T10:06:23.634+0700][gc,heap     ] GC(3) Survivor regions: 2->7(7)
[2024-05-27T10:06:23.634+0700][gc,heap     ] GC(3) Old regions: 9->9
[2024-05-27T10:06:23.634+0700][gc,heap     ] GC(3) Humongous regions: 129->129
[2024-05-27T10:06:23.634+0700][gc,metaspace] GC(3) Metaspace: 32817K(33152K)->32817K(33152K) NonClass: 29219K(29376K)->29219K(29376K) Class: 3598K(3776K)->3598K(3776K)
[2024-05-27T10:06:23.634+0700][gc          ] GC(3) Pause Young (Normal) (G1 Evacuation Pause) 188M->144M(1024M) 8.097ms
[2024-05-27T10:06:23.634+0700][gc,cpu      ] GC(3) User=0.02s Sys=0.00s Real=0.01s
[2024-05-27T10:06:24.000+0700][gc,start    ] GC(4) Pause Young (Concurrent Start) (Metadata GC Threshold)
[2024-05-27T10:06:24.000+0700][gc,task     ] GC(4) Using 8 workers of 8 for evacuation
[2024-05-27T10:06:24.008+0700][gc,phases   ] GC(4)   Pre Evacuate Collection Set: 0.3ms
[2024-05-27T10:06:24.009+0700][gc,phases   ] GC(4)   Merge Heap Roots: 0.1ms
[2024-05-27T10:06:24.009+0700][gc,phases   ] GC(4)   Evacuate Collection Set: 6.9ms
[2024-05-27T10:06:24.009+0700][gc,phases   ] GC(4)   Post Evacuate Collection Set: 0.8ms
[2024-05-27T10:06:24.009+0700][gc,phases   ] GC(4)   Other: 0.2ms
[2024-05-27T10:06:24.009+0700][gc,heap     ] GC(4) Eden regions: 13->0(49)
[2024-05-27T10:06:24.009+0700][gc,heap     ] GC(4) Survivor regions: 7->2(7)
[2024-05-27T10:06:24.009+0700][gc,heap     ] GC(4) Old regions: 9->16
[2024-05-27T10:06:24.009+0700][gc,heap     ] GC(4) Humongous regions: 129->129
[2024-05-27T10:06:24.009+0700][gc,metaspace] GC(4) Metaspace: 35679K(35968K)->35679K(35968K) NonClass: 31726K(31872K)->31726K(31872K) Class: 3953K(4096K)->3953K(4096K)
[2024-05-27T10:06:24.009+0700][gc          ] GC(4) Pause Young (Concurrent Start) (Metadata GC Threshold) 157M->145M(1024M) 9.103ms
[2024-05-27T10:06:24.009+0700][gc,cpu      ] GC(4) User=0.02s Sys=0.00s Real=0.01s
[2024-05-27T10:06:24.009+0700][gc          ] GC(5) Concurrent Mark Cycle
[2024-05-27T10:06:24.009+0700][gc,marking  ] GC(5) Concurrent Scan Root Regions
[2024-05-27T10:06:24.014+0700][gc,marking  ] GC(5) Concurrent Scan Root Regions 4.540ms
[2024-05-27T10:06:24.014+0700][gc,marking  ] GC(5) Concurrent Mark
[2024-05-27T10:06:24.014+0700][gc,marking  ] GC(5) Concurrent Mark From Roots
[2024-05-27T10:06:24.014+0700][gc,task     ] GC(5) Using 2 workers of 2 for marking
[2024-05-27T10:06:24.026+0700][gc,marking  ] GC(5) Concurrent Mark From Roots 11.978ms
[2024-05-27T10:06:24.026+0700][gc,marking  ] GC(5) Concurrent Preclean
[2024-05-27T10:06:24.026+0700][gc,marking  ] GC(5) Concurrent Preclean 0.104ms
[2024-05-27T10:06:24.049+0700][gc,start    ] GC(5) Pause Remark
[2024-05-27T10:06:24.054+0700][gc          ] GC(5) Pause Remark 146M->146M(1024M) 4.877ms
[2024-05-27T10:06:24.054+0700][gc,cpu      ] GC(5) User=0.03s Sys=0.00s Real=0.00s
[2024-05-27T10:06:24.054+0700][gc,marking  ] GC(5) Concurrent Mark 39.817ms
[2024-05-27T10:06:24.054+0700][gc,marking  ] GC(5) Concurrent Rebuild Remembered Sets and Scrub Regions
[2024-05-27T10:06:24.060+0700][gc,marking  ] GC(5) Concurrent Rebuild Remembered Sets and Scrub Regions 5.691ms
[2024-05-27T10:06:24.060+0700][gc,start    ] GC(5) Pause Cleanup
[2024-05-27T10:06:24.060+0700][gc          ] GC(5) Pause Cleanup 146M->146M(1024M) 0.289ms
[2024-05-27T10:06:24.060+0700][gc,cpu      ] GC(5) User=0.00s Sys=0.00s Real=0.00s
[2024-05-27T10:06:24.060+0700][gc,marking  ] GC(5) Concurrent Clear Claimed Marks
[2024-05-27T10:06:24.060+0700][gc,marking  ] GC(5) Concurrent Clear Claimed Marks 0.101ms
[2024-05-27T10:06:24.060+0700][gc,marking  ] GC(5) Concurrent Cleanup for Next Mark
[2024-05-27T10:06:24.063+0700][gc,marking  ] GC(5) Concurrent Cleanup for Next Mark 2.760ms
[2024-05-27T10:06:24.063+0700][gc          ] GC(5) Concurrent Mark Cycle 54.070ms
[2024-05-27T10:14:00.410+0700][gc,start    ] GC(6) Pause Young (Prepare Mixed) (G1 Evacuation Pause)
[2024-05-27T10:14:00.411+0700][gc,task     ] GC(6) Using 8 workers of 8 for evacuation
[2024-05-27T10:14:00.416+0700][gc,phases   ] GC(6)   Pre Evacuate Collection Set: 0.3ms
[2024-05-27T10:14:00.416+0700][gc,phases   ] GC(6)   Merge Heap Roots: 0.1ms
[2024-05-27T10:14:00.416+0700][gc,phases   ] GC(6)   Evacuate Collection Set: 3.7ms
[2024-05-27T10:14:00.416+0700][gc,phases   ] GC(6)   Post Evacuate Collection Set: 1.1ms
[2024-05-27T10:14:00.416+0700][gc,phases   ] GC(6)   Other: 0.2ms
[2024-05-27T10:14:00.416+0700][gc,heap     ] GC(6) Eden regions: 49->0(47)
[2024-05-27T10:14:00.416+0700][gc,heap     ] GC(6) Survivor regions: 2->4(7)
[2024-05-27T10:14:00.416+0700][gc,heap     ] GC(6) Old regions: 16->16
[2024-05-27T10:14:00.416+0700][gc,heap     ] GC(6) Humongous regions: 129->129
[2024-05-27T10:14:00.416+0700][gc,metaspace] GC(6) Metaspace: 42084K(42688K)->42084K(42688K) NonClass: 37148K(37504K)->37148K(37504K) Class: 4935K(5184K)->4935K(5184K)
[2024-05-27T10:14:00.416+0700][gc          ] GC(6) Pause Young (Prepare Mixed) (G1 Evacuation Pause) 194M->148M(1024M) 5.932ms
[2024-05-27T10:14:00.416+0700][gc,cpu      ] GC(6) User=0.02s Sys=0.00s Real=0.01s
