[2024-05-27T10:27:50.189+0700][gc,init] CardTable entry size: 512
[2024-05-27T10:27:50.190+0700][gc     ] Using G1
[2024-05-27T10:27:50.203+0700][gc,init] Version: 21.0.2+13-58 (release)
[2024-05-27T10:27:50.204+0700][gc,init] CPUs: 8 total, 8 available
[2024-05-27T10:27:50.204+0700][gc,init] Memory: 10187M
[2024-05-27T10:27:50.204+0700][gc,init] Large Page Support: Disabled
[2024-05-27T10:27:50.204+0700][gc,init] NUMA Support: Disabled
[2024-05-27T10:27:50.204+0700][gc,init] Compressed Oops: Enabled (32-bit)
[2024-05-27T10:27:50.204+0700][gc,init] Heap Region Size: 1M
[2024-05-27T10:27:50.204+0700][gc,init] Heap Min Capacity: 1G
[2024-05-27T10:27:50.204+0700][gc,init] Heap Initial Capacity: 1G
[2024-05-27T10:27:50.206+0700][gc,init] Heap Max Capacity: 1G
[2024-05-27T10:27:50.206+0700][gc,init] Pre-touch: Disabled
[2024-05-27T10:27:50.206+0700][gc,init] Parallel Workers: 8
[2024-05-27T10:27:50.206+0700][gc,init] Concurrent Workers: 2
[2024-05-27T10:27:50.206+0700][gc,init] Concurrent Refinement Workers: 8
[2024-05-27T10:27:50.206+0700][gc,init] Periodic GC: Disabled
[2024-05-27T10:27:50.217+0700][gc,metaspace] CDS archive(s) mapped at: [0x000002023c000000-0x000002023cc90000-0x000002023cc90000), size 13172736, SharedBaseAddress: 0x000002023c000000, ArchiveRelocationMode: 1.
[2024-05-27T10:27:50.217+0700][gc,metaspace] Compressed class space mapped at: 0x000002023d000000-0x000002027d000000, reserved size: 1073741824
[2024-05-27T10:27:50.217+0700][gc,metaspace] Narrow klass base: 0x000002023c000000, Narrow klass shift: 0, Narrow klass range: 0x100000000
[2024-05-27T10:27:52.443+0700][gc,start    ] GC(0) Pause Young (Normal) (G1 Evacuation Pause)
[2024-05-27T10:27:52.444+0700][gc,task     ] GC(0) Using 8 workers of 8 for evacuation
[2024-05-27T10:27:52.454+0700][gc,phases   ] GC(0)   Pre Evacuate Collection Set: 0.3ms
[2024-05-27T10:27:52.455+0700][gc,phases   ] GC(0)   Merge Heap Roots: 0.1ms
[2024-05-27T10:27:52.455+0700][gc,phases   ] GC(0)   Evacuate Collection Set: 8.7ms
[2024-05-27T10:27:52.455+0700][gc,phases   ] GC(0)   Post Evacuate Collection Set: 0.8ms
[2024-05-27T10:27:52.455+0700][gc,phases   ] GC(0)   Other: 1.3ms
[2024-05-27T10:27:52.455+0700][gc,heap     ] GC(0) Eden regions: 51->0(44)
[2024-05-27T10:27:52.455+0700][gc,heap     ] GC(0) Survivor regions: 0->7(7)
[2024-05-27T10:27:52.455+0700][gc,heap     ] GC(0) Old regions: 0->3
[2024-05-27T10:27:52.455+0700][gc,heap     ] GC(0) Humongous regions: 0->0
[2024-05-27T10:27:52.455+0700][gc,metaspace] GC(0) Metaspace: 17954K(18240K)->17954K(18240K) NonClass: 15878K(16000K)->15878K(16000K) Class: 2075K(2240K)->2075K(2240K)
[2024-05-27T10:27:52.455+0700][gc          ] GC(0) Pause Young (Normal) (G1 Evacuation Pause) 51M->9M(1024M) 11.974ms
[2024-05-27T10:27:52.455+0700][gc,cpu      ] GC(0) User=0.00s Sys=0.00s Real=0.01s
[2024-05-27T10:27:52.782+0700][gc,start    ] GC(1) Pause Young (Concurrent Start) (Metadata GC Threshold)
[2024-05-27T10:27:52.782+0700][gc,task     ] GC(1) Using 8 workers of 8 for evacuation
[2024-05-27T10:27:52.789+0700][gc,phases   ] GC(1)   Pre Evacuate Collection Set: 0.3ms
[2024-05-27T10:27:52.789+0700][gc,phases   ] GC(1)   Merge Heap Roots: 0.1ms
[2024-05-27T10:27:52.789+0700][gc,phases   ] GC(1)   Evacuate Collection Set: 5.5ms
[2024-05-27T10:27:52.789+0700][gc,phases   ] GC(1)   Post Evacuate Collection Set: 0.8ms
[2024-05-27T10:27:52.789+0700][gc,phases   ] GC(1)   Other: 0.2ms
[2024-05-27T10:27:52.789+0700][gc,heap     ] GC(1) Eden regions: 13->0(49)
[2024-05-27T10:27:52.789+0700][gc,heap     ] GC(1) Survivor regions: 7->2(7)
[2024-05-27T10:27:52.789+0700][gc,heap     ] GC(1) Old regions: 3->10
[2024-05-27T10:27:52.789+0700][gc,heap     ] GC(1) Humongous regions: 0->0
[2024-05-27T10:27:52.789+0700][gc,metaspace] GC(1) Metaspace: 21240K(21504K)->21240K(21504K) NonClass: 18755K(18880K)->18755K(18880K) Class: 2484K(2624K)->2484K(2624K)
[2024-05-27T10:27:52.789+0700][gc          ] GC(1) Pause Young (Concurrent Start) (Metadata GC Threshold) 22M->10M(1024M) 7.293ms
[2024-05-27T10:27:52.789+0700][gc,cpu      ] GC(1) User=0.02s Sys=0.00s Real=0.01s
[2024-05-27T10:27:52.789+0700][gc          ] GC(2) Concurrent Mark Cycle
[2024-05-27T10:27:52.789+0700][gc,marking  ] GC(2) Concurrent Scan Root Regions
[2024-05-27T10:27:52.792+0700][gc,marking  ] GC(2) Concurrent Scan Root Regions 2.633ms
[2024-05-27T10:27:52.792+0700][gc,marking  ] GC(2) Concurrent Mark
[2024-05-27T10:27:52.792+0700][gc,marking  ] GC(2) Concurrent Mark From Roots
[2024-05-27T10:27:52.792+0700][gc,task     ] GC(2) Using 2 workers of 2 for marking
[2024-05-27T10:27:52.797+0700][gc,marking  ] GC(2) Concurrent Mark From Roots 4.732ms
[2024-05-27T10:27:52.797+0700][gc,marking  ] GC(2) Concurrent Preclean
[2024-05-27T10:27:52.797+0700][gc,marking  ] GC(2) Concurrent Preclean 0.040ms
[2024-05-27T10:27:52.797+0700][gc,start    ] GC(2) Pause Remark
[2024-05-27T10:27:52.799+0700][gc          ] GC(2) Pause Remark 11M->11M(1024M) 2.101ms
[2024-05-27T10:27:52.799+0700][gc,cpu      ] GC(2) User=0.00s Sys=0.00s Real=0.00s
[2024-05-27T10:27:52.799+0700][gc,marking  ] GC(2) Concurrent Mark 7.298ms
[2024-05-27T10:27:52.799+0700][gc,marking  ] GC(2) Concurrent Rebuild Remembered Sets and Scrub Regions
[2024-05-27T10:27:52.803+0700][gc,marking  ] GC(2) Concurrent Rebuild Remembered Sets and Scrub Regions 3.096ms
[2024-05-27T10:27:52.803+0700][gc,start    ] GC(2) Pause Cleanup
[2024-05-27T10:27:52.803+0700][gc          ] GC(2) Pause Cleanup 11M->11M(1024M) 0.209ms
[2024-05-27T10:27:52.803+0700][gc,cpu      ] GC(2) User=0.00s Sys=0.00s Real=0.00s
[2024-05-27T10:27:52.803+0700][gc,marking  ] GC(2) Concurrent Clear Claimed Marks
[2024-05-27T10:27:52.803+0700][gc,marking  ] GC(2) Concurrent Clear Claimed Marks 0.054ms
[2024-05-27T10:27:52.803+0700][gc,marking  ] GC(2) Concurrent Cleanup for Next Mark
[2024-05-27T10:27:52.817+0700][gc,marking  ] GC(2) Concurrent Cleanup for Next Mark 13.498ms
[2024-05-27T10:27:52.817+0700][gc          ] GC(2) Concurrent Mark Cycle 27.577ms
[2024-05-27T10:27:54.724+0700][gc,start    ] GC(3) Pause Young (Normal) (G1 Evacuation Pause)
[2024-05-27T10:27:54.725+0700][gc,task     ] GC(3) Using 8 workers of 8 for evacuation
[2024-05-27T10:27:54.731+0700][gc,phases   ] GC(3)   Pre Evacuate Collection Set: 0.2ms
[2024-05-27T10:27:54.731+0700][gc,phases   ] GC(3)   Merge Heap Roots: 0.1ms
[2024-05-27T10:27:54.731+0700][gc,phases   ] GC(3)   Evacuate Collection Set: 5.0ms
[2024-05-27T10:27:54.731+0700][gc,phases   ] GC(3)   Post Evacuate Collection Set: 0.7ms
[2024-05-27T10:27:54.731+0700][gc,phases   ] GC(3)   Other: 0.1ms
[2024-05-27T10:27:54.731+0700][gc,heap     ] GC(3) Eden regions: 49->0(44)
[2024-05-27T10:27:54.731+0700][gc,heap     ] GC(3) Survivor regions: 2->7(7)
[2024-05-27T10:27:54.731+0700][gc,heap     ] GC(3) Old regions: 10->10
[2024-05-27T10:27:54.731+0700][gc,heap     ] GC(3) Humongous regions: 129->129
[2024-05-27T10:27:54.731+0700][gc,metaspace] GC(3) Metaspace: 32826K(33152K)->32826K(33152K) NonClass: 29226K(29376K)->29226K(29376K) Class: 3599K(3776K)->3599K(3776K)
[2024-05-27T10:27:54.731+0700][gc          ] GC(3) Pause Young (Normal) (G1 Evacuation Pause) 188M->144M(1024M) 6.690ms
[2024-05-27T10:27:54.731+0700][gc,cpu      ] GC(3) User=0.00s Sys=0.00s Real=0.01s
[2024-05-27T10:27:55.116+0700][gc,start    ] GC(4) Pause Young (Concurrent Start) (Metadata GC Threshold)
[2024-05-27T10:27:55.116+0700][gc,task     ] GC(4) Using 8 workers of 8 for evacuation
[2024-05-27T10:27:55.123+0700][gc,phases   ] GC(4)   Pre Evacuate Collection Set: 0.3ms
[2024-05-27T10:27:55.124+0700][gc,phases   ] GC(4)   Merge Heap Roots: 0.1ms
[2024-05-27T10:27:55.124+0700][gc,phases   ] GC(4)   Evacuate Collection Set: 6.3ms
[2024-05-27T10:27:55.124+0700][gc,phases   ] GC(4)   Post Evacuate Collection Set: 0.7ms
[2024-05-27T10:27:55.124+0700][gc,phases   ] GC(4)   Other: 0.1ms
[2024-05-27T10:27:55.124+0700][gc,heap     ] GC(4) Eden regions: 14->0(49)
[2024-05-27T10:27:55.124+0700][gc,heap     ] GC(4) Survivor regions: 7->2(7)
[2024-05-27T10:27:55.124+0700][gc,heap     ] GC(4) Old regions: 10->16
[2024-05-27T10:27:55.124+0700][gc,heap     ] GC(4) Humongous regions: 129->129
[2024-05-27T10:27:55.124+0700][gc,metaspace] GC(4) Metaspace: 35633K(35968K)->35633K(35968K) NonClass: 31681K(31872K)->31681K(31872K) Class: 3952K(4096K)->3952K(4096K)
[2024-05-27T10:27:55.124+0700][gc          ] GC(4) Pause Young (Concurrent Start) (Metadata GC Threshold) 157M->145M(1024M) 8.092ms
[2024-05-27T10:27:55.124+0700][gc          ] GC(5) Concurrent Mark Cycle
[2024-05-27T10:27:55.124+0700][gc,cpu      ] GC(4) User=0.00s Sys=0.00s Real=0.01s
[2024-05-27T10:27:55.124+0700][gc,marking  ] GC(5) Concurrent Scan Root Regions
[2024-05-27T10:27:55.128+0700][gc,marking  ] GC(5) Concurrent Scan Root Regions 4.182ms
[2024-05-27T10:27:55.128+0700][gc,marking  ] GC(5) Concurrent Mark
[2024-05-27T10:27:55.128+0700][gc,marking  ] GC(5) Concurrent Mark From Roots
[2024-05-27T10:27:55.128+0700][gc,task     ] GC(5) Using 2 workers of 2 for marking
[2024-05-27T10:27:55.137+0700][gc,marking  ] GC(5) Concurrent Mark From Roots 9.129ms
[2024-05-27T10:27:55.138+0700][gc,marking  ] GC(5) Concurrent Preclean
[2024-05-27T10:27:55.138+0700][gc,marking  ] GC(5) Concurrent Preclean 0.084ms
[2024-05-27T10:27:55.158+0700][gc,start    ] GC(5) Pause Remark
[2024-05-27T10:27:55.161+0700][gc          ] GC(5) Pause Remark 146M->146M(1024M) 3.151ms
[2024-05-27T10:27:55.161+0700][gc,cpu      ] GC(5) User=0.00s Sys=0.00s Real=0.00s
[2024-05-27T10:27:55.161+0700][gc,marking  ] GC(5) Concurrent Mark 32.699ms
[2024-05-27T10:27:55.161+0700][gc,marking  ] GC(5) Concurrent Rebuild Remembered Sets and Scrub Regions
[2024-05-27T10:27:55.168+0700][gc,marking  ] GC(5) Concurrent Rebuild Remembered Sets and Scrub Regions 6.849ms
[2024-05-27T10:27:55.168+0700][gc,start    ] GC(5) Pause Cleanup
[2024-05-27T10:27:55.168+0700][gc          ] GC(5) Pause Cleanup 146M->146M(1024M) 0.303ms
[2024-05-27T10:27:55.168+0700][gc,cpu      ] GC(5) User=0.00s Sys=0.00s Real=0.00s
[2024-05-27T10:27:55.169+0700][gc,marking  ] GC(5) Concurrent Clear Claimed Marks
[2024-05-27T10:27:55.169+0700][gc,marking  ] GC(5) Concurrent Clear Claimed Marks 0.063ms
[2024-05-27T10:27:55.169+0700][gc,marking  ] GC(5) Concurrent Cleanup for Next Mark
[2024-05-27T10:27:55.171+0700][gc,marking  ] GC(5) Concurrent Cleanup for Next Mark 2.200ms
[2024-05-27T10:27:55.171+0700][gc          ] GC(5) Concurrent Mark Cycle 47.020ms
[2024-05-27T10:37:01.576+0700][gc,start    ] GC(6) Pause Young (Prepare Mixed) (G1 Evacuation Pause)
[2024-05-27T10:37:01.577+0700][gc,task     ] GC(6) Using 8 workers of 8 for evacuation
[2024-05-27T10:37:01.582+0700][gc,phases   ] GC(6)   Pre Evacuate Collection Set: 0.3ms
[2024-05-27T10:37:01.582+0700][gc,phases   ] GC(6)   Merge Heap Roots: 0.2ms
[2024-05-27T10:37:01.582+0700][gc,phases   ] GC(6)   Evacuate Collection Set: 3.7ms
[2024-05-27T10:37:01.582+0700][gc,phases   ] GC(6)   Post Evacuate Collection Set: 1.0ms
[2024-05-27T10:37:01.582+0700][gc,phases   ] GC(6)   Other: 0.2ms
[2024-05-27T10:37:01.582+0700][gc,heap     ] GC(6) Eden regions: 49->0(47)
[2024-05-27T10:37:01.582+0700][gc,heap     ] GC(6) Survivor regions: 2->4(7)
[2024-05-27T10:37:01.582+0700][gc,heap     ] GC(6) Old regions: 16->16
[2024-05-27T10:37:01.582+0700][gc,heap     ] GC(6) Humongous regions: 129->129
[2024-05-27T10:37:01.582+0700][gc,metaspace] GC(6) Metaspace: 41757K(42368K)->41757K(42368K) NonClass: 36879K(37248K)->36879K(37248K) Class: 4877K(5120K)->4877K(5120K)
[2024-05-27T10:37:01.583+0700][gc          ] GC(6) Pause Young (Prepare Mixed) (G1 Evacuation Pause) 194M->148M(1024M) 6.114ms
[2024-05-27T10:37:01.583+0700][gc,cpu      ] GC(6) User=0.00s Sys=0.00s Real=0.01s
[2024-05-27T11:02:04.366+0700][gc,start    ] GC(7) Pause Young (Mixed) (G1 Evacuation Pause)
[2024-05-27T11:02:04.366+0700][gc,task     ] GC(7) Using 8 workers of 8 for evacuation
[2024-05-27T11:02:04.373+0700][gc,phases   ] GC(7)   Pre Evacuate Collection Set: 0.6ms
[2024-05-27T11:02:04.373+0700][gc,phases   ] GC(7)   Merge Heap Roots: 0.1ms
[2024-05-27T11:02:04.373+0700][gc,phases   ] GC(7)   Evacuate Collection Set: 4.7ms
[2024-05-27T11:02:04.373+0700][gc,phases   ] GC(7)   Post Evacuate Collection Set: 0.9ms
[2024-05-27T11:02:04.373+0700][gc,phases   ] GC(7)   Other: 0.2ms
[2024-05-27T11:02:04.373+0700][gc,heap     ] GC(7) Eden regions: 47->0(46)
[2024-05-27T11:02:04.373+0700][gc,heap     ] GC(7) Survivor regions: 4->5(7)
[2024-05-27T11:02:04.373+0700][gc,heap     ] GC(7) Old regions: 16->16
[2024-05-27T11:02:04.373+0700][gc,heap     ] GC(7) Humongous regions: 129->129
[2024-05-27T11:02:04.373+0700][gc,metaspace] GC(7) Metaspace: 43136K(43840K)->43136K(43840K) NonClass: 38160K(38592K)->38160K(38592K) Class: 4976K(5248K)->4976K(5248K)
[2024-05-27T11:02:04.373+0700][gc          ] GC(7) Pause Young (Mixed) (G1 Evacuation Pause) 195M->148M(1024M) 7.308ms
[2024-05-27T11:02:04.373+0700][gc,cpu      ] GC(7) User=0.09s Sys=0.00s Real=0.01s
[2024-05-27T11:26:56.682+0700][gc,start    ] GC(8) Pause Young (Normal) (G1 Evacuation Pause)
[2024-05-27T11:26:56.682+0700][gc,task     ] GC(8) Using 8 workers of 8 for evacuation
[2024-05-27T11:26:56.691+0700][gc,phases   ] GC(8)   Pre Evacuate Collection Set: 0.5ms
[2024-05-27T11:26:56.691+0700][gc,phases   ] GC(8)   Merge Heap Roots: 0.1ms
[2024-05-27T11:26:56.691+0700][gc,phases   ] GC(8)   Evacuate Collection Set: 6.6ms
[2024-05-27T11:26:56.691+0700][gc,phases   ] GC(8)   Post Evacuate Collection Set: 0.8ms
[2024-05-27T11:26:56.691+0700][gc,phases   ] GC(8)   Other: 0.2ms
[2024-05-27T11:26:56.691+0700][gc,heap     ] GC(8) Eden regions: 46->0(46)
[2024-05-27T11:26:56.691+0700][gc,heap     ] GC(8) Survivor regions: 5->5(7)
[2024-05-27T11:26:56.691+0700][gc,heap     ] GC(8) Old regions: 16->16
[2024-05-27T11:26:56.691+0700][gc,heap     ] GC(8) Humongous regions: 129->129
[2024-05-27T11:26:56.691+0700][gc,metaspace] GC(8) Metaspace: 43705K(44352K)->43705K(44352K) NonClass: 38729K(39104K)->38729K(39104K) Class: 4976K(5248K)->4976K(5248K)
[2024-05-27T11:26:56.691+0700][gc          ] GC(8) Pause Young (Normal) (G1 Evacuation Pause) 194M->149M(1024M) 8.973ms
[2024-05-27T11:26:56.691+0700][gc,cpu      ] GC(8) User=0.00s Sys=0.00s Real=0.01s
[2024-05-27T11:36:04.462+0700][gc,heap,exit] Heap
[2024-05-27T11:36:04.462+0700][gc,heap,exit]  garbage-first heap   total 1048576K, used 184424K [0x00000000c0000000, 0x0000000100000000)
[2024-05-27T11:36:04.462+0700][gc,heap,exit]   region size 1024K, 36 young (36864K), 5 survivors (5120K)
[2024-05-27T11:36:04.462+0700][gc,heap,exit]  Metaspace       used 44805K, committed 45504K, reserved 1114112K
[2024-05-27T11:36:04.462+0700][gc,heap,exit]   class space    used 5176K, committed 5504K, reserved 1048576K
