[2024-05-27T17:22:37.081+0700][gc,init] CardTable entry size: 512
[2024-05-27T17:22:37.081+0700][gc     ] Using G1
[2024-05-27T17:22:37.097+0700][gc,init] Version: 21.0.2+13-58 (release)
[2024-05-27T17:22:37.097+0700][gc,init] CPUs: 8 total, 8 available
[2024-05-27T17:22:37.097+0700][gc,init] Memory: 10187M
[2024-05-27T17:22:37.097+0700][gc,init] Large Page Support: Disabled
[2024-05-27T17:22:37.097+0700][gc,init] NUMA Support: Disabled
[2024-05-27T17:22:37.097+0700][gc,init] Compressed Oops: Enabled (32-bit)
[2024-05-27T17:22:37.097+0700][gc,init] Heap Region Size: 1M
[2024-05-27T17:22:37.097+0700][gc,init] Heap Min Capacity: 1G
[2024-05-27T17:22:37.097+0700][gc,init] Heap Initial Capacity: 1G
[2024-05-27T17:22:37.097+0700][gc,init] Heap Max Capacity: 1G
[2024-05-27T17:22:37.097+0700][gc,init] Pre-touch: Disabled
[2024-05-27T17:22:37.097+0700][gc,init] Parallel Workers: 8
[2024-05-27T17:22:37.098+0700][gc,init] Concurrent Workers: 2
[2024-05-27T17:22:37.098+0700][gc,init] Concurrent Refinement Workers: 8
[2024-05-27T17:22:37.098+0700][gc,init] Periodic GC: Disabled
[2024-05-27T17:22:37.116+0700][gc,metaspace] CDS archive(s) mapped at: [0x000002513e000000-0x000002513ec90000-0x000002513ec90000), size 13172736, SharedBaseAddress: 0x000002513e000000, ArchiveRelocationMode: 1.
[2024-05-27T17:22:37.117+0700][gc,metaspace] Compressed class space mapped at: 0x000002513f000000-0x000002517f000000, reserved size: 1073741824
[2024-05-27T17:22:37.117+0700][gc,metaspace] Narrow klass base: 0x000002513e000000, Narrow klass shift: 0, Narrow klass range: 0x100000000
[2024-05-27T17:22:39.471+0700][gc,start    ] GC(0) Pause Young (Normal) (G1 Evacuation Pause)
[2024-05-27T17:22:39.472+0700][gc,task     ] GC(0) Using 8 workers of 8 for evacuation
[2024-05-27T17:22:39.483+0700][gc,phases   ] GC(0)   Pre Evacuate Collection Set: 0.3ms
[2024-05-27T17:22:39.483+0700][gc,phases   ] GC(0)   Merge Heap Roots: 0.2ms
[2024-05-27T17:22:39.483+0700][gc,phases   ] GC(0)   Evacuate Collection Set: 8.8ms
[2024-05-27T17:22:39.483+0700][gc,phases   ] GC(0)   Post Evacuate Collection Set: 0.8ms
[2024-05-27T17:22:39.483+0700][gc,phases   ] GC(0)   Other: 1.3ms
[2024-05-27T17:22:39.483+0700][gc,heap     ] GC(0) Eden regions: 51->0(44)
[2024-05-27T17:22:39.483+0700][gc,heap     ] GC(0) Survivor regions: 0->7(7)
[2024-05-27T17:22:39.483+0700][gc,heap     ] GC(0) Old regions: 0->2
[2024-05-27T17:22:39.483+0700][gc,heap     ] GC(0) Humongous regions: 0->0
[2024-05-27T17:22:39.483+0700][gc,metaspace] GC(0) Metaspace: 17940K(18240K)->17940K(18240K) NonClass: 15866K(16000K)->15866K(16000K) Class: 2073K(2240K)->2073K(2240K)
[2024-05-27T17:22:39.483+0700][gc          ] GC(0) Pause Young (Normal) (G1 Evacuation Pause) 51M->8M(1024M) 12.215ms
[2024-05-27T17:22:39.483+0700][gc,cpu      ] GC(0) User=0.02s Sys=0.00s Real=0.01s
[2024-05-27T17:22:39.835+0700][gc,start    ] GC(1) Pause Young (Concurrent Start) (Metadata GC Threshold)
[2024-05-27T17:22:39.836+0700][gc,task     ] GC(1) Using 8 workers of 8 for evacuation
[2024-05-27T17:22:39.843+0700][gc,phases   ] GC(1)   Pre Evacuate Collection Set: 0.3ms
[2024-05-27T17:22:39.843+0700][gc,phases   ] GC(1)   Merge Heap Roots: 0.1ms
[2024-05-27T17:22:39.843+0700][gc,phases   ] GC(1)   Evacuate Collection Set: 6.1ms
[2024-05-27T17:22:39.843+0700][gc,phases   ] GC(1)   Post Evacuate Collection Set: 0.7ms
[2024-05-27T17:22:39.843+0700][gc,phases   ] GC(1)   Other: 0.2ms
[2024-05-27T17:22:39.843+0700][gc,heap     ] GC(1) Eden regions: 13->0(49)
[2024-05-27T17:22:39.843+0700][gc,heap     ] GC(1) Survivor regions: 7->2(7)
[2024-05-27T17:22:39.843+0700][gc,heap     ] GC(1) Old regions: 2->9
[2024-05-27T17:22:39.843+0700][gc,heap     ] GC(1) Humongous regions: 0->0
[2024-05-27T17:22:39.843+0700][gc,metaspace] GC(1) Metaspace: 21263K(21504K)->21263K(21504K) NonClass: 18778K(18880K)->18778K(18880K) Class: 2485K(2624K)->2485K(2624K)
[2024-05-27T17:22:39.843+0700][gc          ] GC(1) Pause Young (Concurrent Start) (Metadata GC Threshold) 21M->10M(1024M) 8.014ms
[2024-05-27T17:22:39.844+0700][gc,cpu      ] GC(1) User=0.00s Sys=0.00s Real=0.01s
[2024-05-27T17:22:39.844+0700][gc          ] GC(2) Concurrent Mark Cycle
[2024-05-27T17:22:39.844+0700][gc,marking  ] GC(2) Concurrent Scan Root Regions
[2024-05-27T17:22:39.846+0700][gc,marking  ] GC(2) Concurrent Scan Root Regions 2.343ms
[2024-05-27T17:22:39.846+0700][gc,marking  ] GC(2) Concurrent Mark
[2024-05-27T17:22:39.846+0700][gc,marking  ] GC(2) Concurrent Mark From Roots
[2024-05-27T17:22:39.846+0700][gc,task     ] GC(2) Using 2 workers of 2 for marking
[2024-05-27T17:22:39.850+0700][gc,marking  ] GC(2) Concurrent Mark From Roots 4.064ms
[2024-05-27T17:22:39.850+0700][gc,marking  ] GC(2) Concurrent Preclean
[2024-05-27T17:22:39.850+0700][gc,marking  ] GC(2) Concurrent Preclean 0.037ms
[2024-05-27T17:22:39.851+0700][gc,start    ] GC(2) Pause Remark
[2024-05-27T17:22:39.853+0700][gc          ] GC(2) Pause Remark 10M->10M(1024M) 2.167ms
[2024-05-27T17:22:39.853+0700][gc,cpu      ] GC(2) User=0.00s Sys=0.00s Real=0.00s
[2024-05-27T17:22:39.853+0700][gc,marking  ] GC(2) Concurrent Mark 7.092ms
[2024-05-27T17:22:39.853+0700][gc,marking  ] GC(2) Concurrent Rebuild Remembered Sets and Scrub Regions
[2024-05-27T17:22:39.855+0700][gc,marking  ] GC(2) Concurrent Rebuild Remembered Sets and Scrub Regions 1.311ms
[2024-05-27T17:22:39.856+0700][gc,start    ] GC(2) Pause Cleanup
[2024-05-27T17:22:39.856+0700][gc          ] GC(2) Pause Cleanup 10M->10M(1024M) 0.067ms
[2024-05-27T17:22:39.856+0700][gc,cpu      ] GC(2) User=0.00s Sys=0.00s Real=0.00s
[2024-05-27T17:22:39.856+0700][gc,marking  ] GC(2) Concurrent Clear Claimed Marks
[2024-05-27T17:22:39.856+0700][gc,marking  ] GC(2) Concurrent Clear Claimed Marks 0.067ms
[2024-05-27T17:22:39.856+0700][gc,marking  ] GC(2) Concurrent Cleanup for Next Mark
[2024-05-27T17:22:39.868+0700][gc,marking  ] GC(2) Concurrent Cleanup for Next Mark 12.453ms
[2024-05-27T17:22:39.868+0700][gc          ] GC(2) Concurrent Mark Cycle 24.839ms
[2024-05-27T17:22:42.140+0700][gc,start    ] GC(3) Pause Young (Normal) (G1 Evacuation Pause)
[2024-05-27T17:22:42.141+0700][gc,task     ] GC(3) Using 8 workers of 8 for evacuation
[2024-05-27T17:22:42.146+0700][gc,phases   ] GC(3)   Pre Evacuate Collection Set: 0.2ms
[2024-05-27T17:22:42.147+0700][gc,phases   ] GC(3)   Merge Heap Roots: 0.1ms
[2024-05-27T17:22:42.147+0700][gc,phases   ] GC(3)   Evacuate Collection Set: 4.7ms
[2024-05-27T17:22:42.147+0700][gc,phases   ] GC(3)   Post Evacuate Collection Set: 0.7ms
[2024-05-27T17:22:42.147+0700][gc,phases   ] GC(3)   Other: 0.1ms
[2024-05-27T17:22:42.147+0700][gc,heap     ] GC(3) Eden regions: 49->0(45)
[2024-05-27T17:22:42.147+0700][gc,heap     ] GC(3) Survivor regions: 2->6(7)
[2024-05-27T17:22:42.147+0700][gc,heap     ] GC(3) Old regions: 9->9
[2024-05-27T17:22:42.147+0700][gc,heap     ] GC(3) Humongous regions: 129->129
[2024-05-27T17:22:42.147+0700][gc,metaspace] GC(3) Metaspace: 31062K(31424K)->31062K(31424K) NonClass: 27606K(27776K)->27606K(27776K) Class: 3455K(3648K)->3455K(3648K)
[2024-05-27T17:22:42.147+0700][gc          ] GC(3) Pause Young (Normal) (G1 Evacuation Pause) 188M->143M(1024M) 6.457ms
[2024-05-27T17:22:42.147+0700][gc,cpu      ] GC(3) User=0.02s Sys=0.00s Real=0.01s
[2024-05-27T17:22:42.784+0700][gc,start    ] GC(4) Pause Young (Concurrent Start) (Metadata GC Threshold)
[2024-05-27T17:22:42.784+0700][gc,task     ] GC(4) Using 8 workers of 8 for evacuation
[2024-05-27T17:22:42.791+0700][gc,phases   ] GC(4)   Pre Evacuate Collection Set: 0.3ms
[2024-05-27T17:22:42.791+0700][gc,phases   ] GC(4)   Merge Heap Roots: 0.1ms
[2024-05-27T17:22:42.791+0700][gc,phases   ] GC(4)   Evacuate Collection Set: 6.3ms
[2024-05-27T17:22:42.791+0700][gc,phases   ] GC(4)   Post Evacuate Collection Set: 0.6ms
[2024-05-27T17:22:42.791+0700][gc,phases   ] GC(4)   Other: 0.2ms
[2024-05-27T17:22:42.792+0700][gc,heap     ] GC(4) Eden regions: 19->0(48)
[2024-05-27T17:22:42.792+0700][gc,heap     ] GC(4) Survivor regions: 6->3(7)
[2024-05-27T17:22:42.792+0700][gc,heap     ] GC(4) Old regions: 9->15
[2024-05-27T17:22:42.792+0700][gc,heap     ] GC(4) Humongous regions: 129->129
[2024-05-27T17:22:42.792+0700][gc,metaspace] GC(4) Metaspace: 35678K(35968K)->35678K(35968K) NonClass: 31792K(31936K)->31792K(31936K) Class: 3886K(4032K)->3886K(4032K)
[2024-05-27T17:22:42.792+0700][gc          ] GC(4) Pause Young (Concurrent Start) (Metadata GC Threshold) 161M->145M(1024M) 8.006ms
[2024-05-27T17:22:42.792+0700][gc          ] GC(5) Concurrent Mark Cycle
[2024-05-27T17:22:42.792+0700][gc,cpu      ] GC(4) User=0.02s Sys=0.00s Real=0.01s
[2024-05-27T17:22:42.792+0700][gc,marking  ] GC(5) Concurrent Scan Root Regions
[2024-05-27T17:22:42.796+0700][gc,marking  ] GC(5) Concurrent Scan Root Regions 4.379ms
[2024-05-27T17:22:42.796+0700][gc,marking  ] GC(5) Concurrent Mark
[2024-05-27T17:22:42.796+0700][gc,marking  ] GC(5) Concurrent Mark From Roots
[2024-05-27T17:22:42.796+0700][gc,task     ] GC(5) Using 2 workers of 2 for marking
[2024-05-27T17:22:42.808+0700][gc,marking  ] GC(5) Concurrent Mark From Roots 11.399ms
[2024-05-27T17:22:42.808+0700][gc,marking  ] GC(5) Concurrent Preclean
[2024-05-27T17:22:42.808+0700][gc,marking  ] GC(5) Concurrent Preclean 0.089ms
[2024-05-27T17:22:42.812+0700][gc,start    ] GC(5) Pause Remark
[2024-05-27T17:22:42.815+0700][gc          ] GC(5) Pause Remark 146M->146M(1024M) 3.746ms
[2024-05-27T17:22:42.816+0700][gc,cpu      ] GC(5) User=0.00s Sys=0.00s Real=0.00s
[2024-05-27T17:22:42.816+0700][gc,marking  ] GC(5) Concurrent Mark 19.288ms
[2024-05-27T17:22:42.816+0700][gc,marking  ] GC(5) Concurrent Rebuild Remembered Sets and Scrub Regions
[2024-05-27T17:22:42.820+0700][gc,marking  ] GC(5) Concurrent Rebuild Remembered Sets and Scrub Regions 4.549ms
[2024-05-27T17:22:42.821+0700][gc,start    ] GC(5) Pause Cleanup
[2024-05-27T17:22:42.821+0700][gc          ] GC(5) Pause Cleanup 147M->147M(1024M) 0.246ms
[2024-05-27T17:22:42.821+0700][gc,cpu      ] GC(5) User=0.00s Sys=0.00s Real=0.00s
[2024-05-27T17:22:42.821+0700][gc,marking  ] GC(5) Concurrent Clear Claimed Marks
[2024-05-27T17:22:42.821+0700][gc,marking  ] GC(5) Concurrent Clear Claimed Marks 0.063ms
[2024-05-27T17:22:42.821+0700][gc,marking  ] GC(5) Concurrent Cleanup for Next Mark
[2024-05-27T17:22:42.823+0700][gc,marking  ] GC(5) Concurrent Cleanup for Next Mark 2.221ms
[2024-05-27T17:22:42.823+0700][gc          ] GC(5) Concurrent Mark Cycle 31.536ms
[2024-05-27T17:34:18.851+0700][gc,start    ] GC(6) Pause Young (Prepare Mixed) (G1 Evacuation Pause)
[2024-05-27T17:34:18.851+0700][gc,task     ] GC(6) Using 8 workers of 8 for evacuation
[2024-05-27T17:34:18.856+0700][gc,phases   ] GC(6)   Pre Evacuate Collection Set: 0.3ms
[2024-05-27T17:34:18.856+0700][gc,phases   ] GC(6)   Merge Heap Roots: 0.1ms
[2024-05-27T17:34:18.856+0700][gc,phases   ] GC(6)   Evacuate Collection Set: 3.7ms
[2024-05-27T17:34:18.856+0700][gc,phases   ] GC(6)   Post Evacuate Collection Set: 0.8ms
[2024-05-27T17:34:18.857+0700][gc,phases   ] GC(6)   Other: 0.1ms
[2024-05-27T17:34:18.857+0700][gc,heap     ] GC(6) Eden regions: 48->0(46)
[2024-05-27T17:34:18.857+0700][gc,heap     ] GC(6) Survivor regions: 3->5(7)
[2024-05-27T17:34:18.857+0700][gc,heap     ] GC(6) Old regions: 15->15
[2024-05-27T17:34:18.857+0700][gc,heap     ] GC(6) Humongous regions: 135->129
[2024-05-27T17:34:18.857+0700][gc,metaspace] GC(6) Metaspace: 41741K(42432K)->41741K(42432K) NonClass: 36864K(37312K)->36864K(37312K) Class: 4877K(5120K)->4877K(5120K)
[2024-05-27T17:34:18.857+0700][gc          ] GC(6) Pause Young (Prepare Mixed) (G1 Evacuation Pause) 199M->147M(1024M) 5.582ms
[2024-05-27T17:34:18.857+0700][gc,cpu      ] GC(6) User=0.00s Sys=0.00s Real=0.01s
[2024-05-27T18:05:27.893+0700][gc,start    ] GC(7) Pause Young (Mixed) (G1 Evacuation Pause)
[2024-05-27T18:05:27.894+0700][gc,task     ] GC(7) Using 8 workers of 8 for evacuation
[2024-05-27T18:05:27.909+0700][gc,phases   ] GC(7)   Pre Evacuate Collection Set: 1.7ms
[2024-05-27T18:05:27.909+0700][gc,phases   ] GC(7)   Merge Heap Roots: 0.4ms
[2024-05-27T18:05:27.909+0700][gc,phases   ] GC(7)   Evacuate Collection Set: 11.2ms
[2024-05-27T18:05:27.909+0700][gc,phases   ] GC(7)   Post Evacuate Collection Set: 1.3ms
[2024-05-27T18:05:27.909+0700][gc,phases   ] GC(7)   Other: 0.6ms
[2024-05-27T18:05:27.909+0700][gc,heap     ] GC(7) Eden regions: 46->0(48)
[2024-05-27T18:05:27.909+0700][gc,heap     ] GC(7) Survivor regions: 5->3(7)
[2024-05-27T18:05:27.909+0700][gc,heap     ] GC(7) Old regions: 15->16
[2024-05-27T18:05:27.909+0700][gc,heap     ] GC(7) Humongous regions: 129->129
[2024-05-27T18:05:27.909+0700][gc,metaspace] GC(7) Metaspace: 42590K(43264K)->42590K(43264K) NonClass: 37641K(38016K)->37641K(38016K) Class: 4949K(5248K)->4949K(5248K)
[2024-05-27T18:05:27.909+0700][gc          ] GC(7) Pause Young (Mixed) (G1 Evacuation Pause) 193M->147M(1024M) 16.226ms
[2024-05-27T18:05:27.909+0700][gc,cpu      ] GC(7) User=0.00s Sys=0.00s Real=0.02s
[2024-05-27T18:45:08.850+0700][gc,start    ] GC(8) Pause Young (Normal) (G1 Evacuation Pause)
[2024-05-27T18:45:08.851+0700][gc,task     ] GC(8) Using 8 workers of 8 for evacuation
[2024-05-27T18:45:08.859+0700][gc,phases   ] GC(8)   Pre Evacuate Collection Set: 0.7ms
[2024-05-27T18:45:08.859+0700][gc,phases   ] GC(8)   Merge Heap Roots: 0.2ms
[2024-05-27T18:45:08.859+0700][gc,phases   ] GC(8)   Evacuate Collection Set: 6.3ms
[2024-05-27T18:45:08.859+0700][gc,phases   ] GC(8)   Post Evacuate Collection Set: 0.9ms
[2024-05-27T18:45:08.859+0700][gc,phases   ] GC(8)   Other: 0.4ms
[2024-05-27T18:45:08.859+0700][gc,heap     ] GC(8) Eden regions: 48->0(48)
[2024-05-27T18:45:08.859+0700][gc,heap     ] GC(8) Survivor regions: 3->3(7)
[2024-05-27T18:45:08.859+0700][gc,heap     ] GC(8) Old regions: 16->16
[2024-05-27T18:45:08.859+0700][gc,heap     ] GC(8) Humongous regions: 129->129
[2024-05-27T18:45:08.859+0700][gc,metaspace] GC(8) Metaspace: 42709K(43392K)->42709K(43392K) NonClass: 37757K(38144K)->37757K(38144K) Class: 4952K(5248K)->4952K(5248K)
[2024-05-27T18:45:08.859+0700][gc          ] GC(8) Pause Young (Normal) (G1 Evacuation Pause) 195M->147M(1024M) 9.449ms
[2024-05-27T18:45:08.859+0700][gc,cpu      ] GC(8) User=0.00s Sys=0.00s Real=0.01s
[2024-05-27T19:19:10.948+0700][gc,start    ] GC(9) Pause Young (Normal) (G1 Evacuation Pause)
[2024-05-27T19:19:10.948+0700][gc,task     ] GC(9) Using 8 workers of 8 for evacuation
[2024-05-27T19:19:10.961+0700][gc,phases   ] GC(9)   Pre Evacuate Collection Set: 0.5ms
[2024-05-27T19:19:10.961+0700][gc,phases   ] GC(9)   Merge Heap Roots: 0.2ms
[2024-05-27T19:19:10.961+0700][gc,phases   ] GC(9)   Evacuate Collection Set: 11.1ms
[2024-05-27T19:19:10.961+0700][gc,phases   ] GC(9)   Post Evacuate Collection Set: 0.8ms
[2024-05-27T19:19:10.961+0700][gc,phases   ] GC(9)   Other: 0.2ms
[2024-05-27T19:19:10.961+0700][gc,heap     ] GC(9) Eden regions: 48->0(47)
[2024-05-27T19:19:10.961+0700][gc,heap     ] GC(9) Survivor regions: 3->4(7)
[2024-05-27T19:19:10.961+0700][gc,heap     ] GC(9) Old regions: 16->16
[2024-05-27T19:19:10.961+0700][gc,heap     ] GC(9) Humongous regions: 129->129
[2024-05-27T19:19:10.961+0700][gc,metaspace] GC(9) Metaspace: 43162K(43840K)->43162K(43840K) NonClass: 38210K(38592K)->38210K(38592K) Class: 4952K(5248K)->4952K(5248K)
[2024-05-27T19:19:10.961+0700][gc          ] GC(9) Pause Young (Normal) (G1 Evacuation Pause) 195M->148M(1024M) 13.408ms
[2024-05-27T19:19:10.962+0700][gc,cpu      ] GC(9) User=0.00s Sys=0.00s Real=0.01s
[2024-05-27T19:50:44.605+0700][gc,start    ] GC(10) Pause Young (Normal) (G1 Evacuation Pause)
[2024-05-27T19:50:44.605+0700][gc,task     ] GC(10) Using 8 workers of 8 for evacuation
[2024-05-27T19:50:44.623+0700][gc,phases   ] GC(10)   Pre Evacuate Collection Set: 2.1ms
[2024-05-27T19:50:44.623+0700][gc,phases   ] GC(10)   Merge Heap Roots: 0.2ms
[2024-05-27T19:50:44.623+0700][gc,phases   ] GC(10)   Evacuate Collection Set: 13.8ms
[2024-05-27T19:50:44.623+0700][gc,phases   ] GC(10)   Post Evacuate Collection Set: 1.7ms
[2024-05-27T19:50:44.623+0700][gc,phases   ] GC(10)   Other: 0.2ms
[2024-05-27T19:50:44.623+0700][gc,heap     ] GC(10) Eden regions: 47->0(45)
[2024-05-27T19:50:44.623+0700][gc,heap     ] GC(10) Survivor regions: 4->6(7)
[2024-05-27T19:50:44.624+0700][gc,heap     ] GC(10) Old regions: 16->16
[2024-05-27T19:50:44.624+0700][gc,heap     ] GC(10) Humongous regions: 129->129
[2024-05-27T19:50:44.624+0700][gc,metaspace] GC(10) Metaspace: 43344K(44032K)->43344K(44032K) NonClass: 38391K(38784K)->38391K(38784K) Class: 4952K(5248K)->4952K(5248K)
[2024-05-27T19:50:44.624+0700][gc          ] GC(10) Pause Young (Normal) (G1 Evacuation Pause) 195M->149M(1024M) 19.004ms
[2024-05-27T19:50:44.624+0700][gc,cpu      ] GC(10) User=0.00s Sys=0.00s Real=0.02s
[2024-05-27T20:19:59.627+0700][gc,start    ] GC(11) Pause Young (Normal) (G1 Evacuation Pause)
[2024-05-27T20:19:59.627+0700][gc,task     ] GC(11) Using 8 workers of 8 for evacuation
[2024-05-27T20:19:59.647+0700][gc,mmu      ] GC(11) MMU target violated: 20.4ms (20.0ms/21.0ms)
[2024-05-27T20:19:59.647+0700][gc,phases   ] GC(11)   Pre Evacuate Collection Set: 1.4ms
[2024-05-27T20:19:59.647+0700][gc,phases   ] GC(11)   Merge Heap Roots: 0.2ms
[2024-05-27T20:19:59.647+0700][gc,phases   ] GC(11)   Evacuate Collection Set: 17.3ms
[2024-05-27T20:19:59.647+0700][gc,phases   ] GC(11)   Post Evacuate Collection Set: 1.5ms
[2024-05-27T20:19:59.648+0700][gc,phases   ] GC(11)   Other: 0.3ms
[2024-05-27T20:19:59.648+0700][gc,heap     ] GC(11) Eden regions: 45->0(48)
[2024-05-27T20:19:59.648+0700][gc,heap     ] GC(11) Survivor regions: 6->3(7)
[2024-05-27T20:19:59.648+0700][gc,heap     ] GC(11) Old regions: 16->18
[2024-05-27T20:19:59.648+0700][gc,heap     ] GC(11) Humongous regions: 129->129
[2024-05-27T20:19:59.648+0700][gc,metaspace] GC(11) Metaspace: 43577K(44224K)->43577K(44224K) NonClass: 38595K(38976K)->38595K(38976K) Class: 4981K(5248K)->4981K(5248K)
[2024-05-27T20:19:59.648+0700][gc          ] GC(11) Pause Young (Normal) (G1 Evacuation Pause) 194M->149M(1024M) 21.179ms
[2024-05-27T20:19:59.648+0700][gc,cpu      ] GC(11) User=0.02s Sys=0.02s Real=0.02s
[2024-05-27T20:52:10.930+0700][gc,start    ] GC(12) Pause Young (Normal) (G1 Evacuation Pause)
[2024-05-27T20:52:10.930+0700][gc,task     ] GC(12) Using 8 workers of 8 for evacuation
[2024-05-27T20:52:10.942+0700][gc,phases   ] GC(12)   Pre Evacuate Collection Set: 1.3ms
[2024-05-27T20:52:10.942+0700][gc,phases   ] GC(12)   Merge Heap Roots: 0.1ms
[2024-05-27T20:52:10.942+0700][gc,phases   ] GC(12)   Evacuate Collection Set: 8.8ms
[2024-05-27T20:52:10.942+0700][gc,phases   ] GC(12)   Post Evacuate Collection Set: 0.6ms
[2024-05-27T20:52:10.942+0700][gc,phases   ] GC(12)   Other: 1.1ms
[2024-05-27T20:52:10.942+0700][gc,heap     ] GC(12) Eden regions: 48->0(47)
[2024-05-27T20:52:10.942+0700][gc,heap     ] GC(12) Survivor regions: 3->4(7)
[2024-05-27T20:52:10.942+0700][gc,heap     ] GC(12) Old regions: 18->18
[2024-05-27T20:52:10.942+0700][gc,heap     ] GC(12) Humongous regions: 129->129
[2024-05-27T20:52:10.942+0700][gc,metaspace] GC(12) Metaspace: 43581K(44224K)->43581K(44224K) NonClass: 38599K(38976K)->38599K(38976K) Class: 4981K(5248K)->4981K(5248K)
[2024-05-27T20:52:10.943+0700][gc          ] GC(12) Pause Young (Normal) (G1 Evacuation Pause) 197M->150M(1024M) 13.181ms
[2024-05-27T20:52:10.943+0700][gc,cpu      ] GC(12) User=0.02s Sys=0.00s Real=0.01s
[2024-05-27T21:02:23.797+0700][gc,heap,exit] Heap
[2024-05-27T21:02:23.797+0700][gc,heap,exit]  garbage-first heap   total 1048576K, used 182296K [0x00000000c0000000, 0x0000000100000000)
[2024-05-27T21:02:23.797+0700][gc,heap,exit]   region size 1024K, 32 young (32768K), 4 survivors (4096K)
[2024-05-27T21:02:23.797+0700][gc,heap,exit]  Metaspace       used 44414K, committed 45120K, reserved 1114112K
[2024-05-27T21:02:23.797+0700][gc,heap,exit]   class space    used 5153K, committed 5440K, reserved 1048576K
