[2024-05-27T09:55:38.560+0700][gc,init] CardTable entry size: 512
[2024-05-27T09:55:38.561+0700][gc     ] Using G1
[2024-05-27T09:55:38.567+0700][gc,init] Version: 21.0.2+13-58 (release)
[2024-05-27T09:55:38.567+0700][gc,init] CPUs: 8 total, 8 available
[2024-05-27T09:55:38.568+0700][gc,init] Memory: 10187M
[2024-05-27T09:55:38.568+0700][gc,init] Large Page Support: Disabled
[2024-05-27T09:55:38.568+0700][gc,init] NUMA Support: Disabled
[2024-05-27T09:55:38.568+0700][gc,init] Compressed Oops: Enabled (32-bit)
[2024-05-27T09:55:38.568+0700][gc,init] Heap Region Size: 1M
[2024-05-27T09:55:38.568+0700][gc,init] Heap Min Capacity: 512M
[2024-05-27T09:55:38.568+0700][gc,init] Heap Initial Capacity: 512M
[2024-05-27T09:55:38.568+0700][gc,init] Heap Max Capacity: 512M
[2024-05-27T09:55:38.568+0700][gc,init] Pre-touch: Disabled
[2024-05-27T09:55:38.568+0700][gc,init] Parallel Workers: 8
[2024-05-27T09:55:38.568+0700][gc,init] Concurrent Workers: 2
[2024-05-27T09:55:38.568+0700][gc,init] Concurrent Refinement Workers: 8
[2024-05-27T09:55:38.568+0700][gc,init] Periodic GC: Disabled
[2024-05-27T09:55:38.579+0700][gc,metaspace] CDS archive(s) mapped at: [0x000002139b000000-0x000002139bc90000-0x000002139bc90000), size 13172736, SharedBaseAddress: 0x000002139b000000, ArchiveRelocationMode: 1.
[2024-05-27T09:55:38.579+0700][gc,metaspace] Compressed class space mapped at: 0x000002139c000000-0x00000213dc000000, reserved size: 1073741824
[2024-05-27T09:55:38.579+0700][gc,metaspace] Narrow klass base: 0x000002139b000000, Narrow klass shift: 0, Narrow klass range: 0x100000000
[2024-05-27T09:55:45.341+0700][gc,start    ] GC(0) Pause Young (Normal) (G1 Evacuation Pause)
[2024-05-27T09:55:45.342+0700][gc,task     ] GC(0) Using 8 workers of 8 for evacuation
[2024-05-27T09:55:45.351+0700][gc,phases   ] GC(0)   Pre Evacuate Collection Set: 0.4ms
[2024-05-27T09:55:45.351+0700][gc,phases   ] GC(0)   Merge Heap Roots: 0.1ms
[2024-05-27T09:55:45.351+0700][gc,phases   ] GC(0)   Evacuate Collection Set: 6.6ms
[2024-05-27T09:55:45.351+0700][gc,phases   ] GC(0)   Post Evacuate Collection Set: 1.4ms
[2024-05-27T09:55:45.351+0700][gc,phases   ] GC(0)   Other: 0.9ms
[2024-05-27T09:55:45.351+0700][gc,heap     ] GC(0) Eden regions: 25->0(21)
[2024-05-27T09:55:45.352+0700][gc,heap     ] GC(0) Survivor regions: 0->4(4)
[2024-05-27T09:55:45.352+0700][gc,heap     ] GC(0) Old regions: 0->6
[2024-05-27T09:55:45.352+0700][gc,heap     ] GC(0) Humongous regions: 0->0
[2024-05-27T09:55:45.352+0700][gc,metaspace] GC(0) Metaspace: 8059K(8256K)->8059K(8256K) NonClass: 7198K(7296K)->7198K(7296K) Class: 860K(960K)->860K(960K)
[2024-05-27T09:55:45.352+0700][gc          ] GC(0) Pause Young (Normal) (G1 Evacuation Pause) 25M->9M(512M) 11.654ms
[2024-05-27T09:55:45.352+0700][gc,cpu      ] GC(0) User=0.00s Sys=0.02s Real=0.01s
[2024-05-27T10:01:21.965+0700][gc,heap,exit] Heap
[2024-05-27T10:01:21.965+0700][gc,heap,exit]  garbage-first heap   total 524288K, used 17127K [0x00000000e0000000, 0x0000000100000000)
[2024-05-27T10:01:21.965+0700][gc,heap,exit]   region size 1024K, 12 young (12288K), 4 survivors (4096K)
[2024-05-27T10:01:21.965+0700][gc,heap,exit]  Metaspace       used 9512K, committed 9728K, reserved 1114112K
[2024-05-27T10:01:21.965+0700][gc,heap,exit]   class space    used 1021K, committed 1088K, reserved 1048576K
