[2024-05-27T10:05:30.626+0700][gc,init] CardTable entry size: 512
[2024-05-27T10:05:30.627+0700][gc     ] Using G1
[2024-05-27T10:05:30.635+0700][gc,init] Version: 21.0.2+13-58 (release)
[2024-05-27T10:05:30.635+0700][gc,init] CPUs: 8 total, 8 available
[2024-05-27T10:05:30.635+0700][gc,init] Memory: 10187M
[2024-05-27T10:05:30.635+0700][gc,init] Large Page Support: Disabled
[2024-05-27T10:05:30.635+0700][gc,init] NUMA Support: Disabled
[2024-05-27T10:05:30.636+0700][gc,init] Compressed Oops: Enabled (32-bit)
[2024-05-27T10:05:30.636+0700][gc,init] Heap Region Size: 1M
[2024-05-27T10:05:30.636+0700][gc,init] Heap Min Capacity: 512M
[2024-05-27T10:05:30.636+0700][gc,init] Heap Initial Capacity: 512M
[2024-05-27T10:05:30.638+0700][gc,init] Heap Max Capacity: 512M
[2024-05-27T10:05:30.638+0700][gc,init] Pre-touch: Disabled
[2024-05-27T10:05:30.638+0700][gc,init] Parallel Workers: 8
[2024-05-27T10:05:30.638+0700][gc,init] Concurrent Workers: 2
[2024-05-27T10:05:30.638+0700][gc,init] Concurrent Refinement Workers: 8
[2024-05-27T10:05:30.638+0700][gc,init] Periodic GC: Disabled
[2024-05-27T10:05:30.651+0700][gc,metaspace] CDS archive(s) mapped at: [0x000001fa80000000-0x000001fa80c90000-0x000001fa80c90000), size 13172736, SharedBaseAddress: 0x000001fa80000000, ArchiveRelocationMode: 1.
[2024-05-27T10:05:30.651+0700][gc,metaspace] Compressed class space mapped at: 0x000001fa81000000-0x000001fac1000000, reserved size: 1073741824
[2024-05-27T10:05:30.651+0700][gc,metaspace] Narrow klass base: 0x000001fa80000000, Narrow klass shift: 0, Narrow klass range: 0x100000000
[2024-05-27T10:05:38.307+0700][gc,start    ] GC(0) Pause Young (Normal) (G1 Evacuation Pause)
[2024-05-27T10:05:38.309+0700][gc,task     ] GC(0) Using 8 workers of 8 for evacuation
[2024-05-27T10:05:38.317+0700][gc,phases   ] GC(0)   Pre Evacuate Collection Set: 0.2ms
[2024-05-27T10:05:38.317+0700][gc,phases   ] GC(0)   Merge Heap Roots: 0.1ms
[2024-05-27T10:05:38.317+0700][gc,phases   ] GC(0)   Evacuate Collection Set: 6.8ms
[2024-05-27T10:05:38.317+0700][gc,phases   ] GC(0)   Post Evacuate Collection Set: 0.7ms
[2024-05-27T10:05:38.317+0700][gc,phases   ] GC(0)   Other: 1.3ms
[2024-05-27T10:05:38.317+0700][gc,heap     ] GC(0) Eden regions: 25->0(21)
[2024-05-27T10:05:38.317+0700][gc,heap     ] GC(0) Survivor regions: 0->4(4)
[2024-05-27T10:05:38.317+0700][gc,heap     ] GC(0) Old regions: 0->5
[2024-05-27T10:05:38.317+0700][gc,heap     ] GC(0) Humongous regions: 0->0
[2024-05-27T10:05:38.317+0700][gc,metaspace] GC(0) Metaspace: 8040K(8256K)->8040K(8256K) NonClass: 7180K(7296K)->7180K(7296K) Class: 860K(960K)->860K(960K)
[2024-05-27T10:05:38.318+0700][gc          ] GC(0) Pause Young (Normal) (G1 Evacuation Pause) 25M->8M(512M) 10.155ms
[2024-05-27T10:05:38.318+0700][gc,cpu      ] GC(0) User=0.00s Sys=0.00s Real=0.01s
